WARNING: A restricted method in java.lang.System has been called
WARNING: java.lang.System::load has been called by net.rubygrapefruit.platform.internal.NativeLibraryLoader in an unnamed module (file:/C:/Users/DqnyLuxxx/.gradle/wrapper/dists/gradle-9.5.1-bin/iq79hdu3mqx29lgffhp8bfmx/gradle-9.5.1/lib/native-platform-0.22-milestone-29.jar)
WARNING: Use --enable-native-access=ALL-UNNAMED to avoid a warning for callers in this module
WARNING: Restricted methods will be blocked in a future release unless native access is enabled


> Configure project :
Fabric Loom: 1.17.20

> Task :compileJava UP-TO-DATE
> Task :processResources UP-TO-DATE
> Task :classes UP-TO-DATE
> Task :generateLog4jConfig UP-TO-DATE
> Task :generateDLIConfig UP-TO-DATE
> Task :configureLaunch UP-TO-DATE
> Task :downloadAssets UP-TO-DATE
> Task :configureClientLaunch UP-TO-DATE

> Task :runClient
[34m[15:51:41][m [32m[main/INFO][m [36m(FabricLoader/GameProvider)[m [0mLoading Minecraft 26.1.2 with Fabric Loader 0.19.5
[m[34m[15:51:41][m [32m[main/INFO][m [36m(FabricLoader/Mappings)[m [0mMappings not present!
[m[34m[15:51:42][m [32m[main/INFO][m [36m(FabricLoader)[m [0mLoading 51 mods:
	- fabric-api 0.155.2+26.1.2
	- fabric-api-base 2.0.3+ece063234c
	- fabric-api-lookup-api-v1 2.0.12+d5a053b64c
	- fabric-biome-api-v1 18.0.5+2fa62b4e4c
	- fabric-block-api-v1 3.0.2+ec56b6014c
	- fabric-block-getter-api-v2 2.0.6+ec56b6014c
	- fabric-client-gametest-api-v1 5.1.0+0a5283664c
	- fabric-command-api-v2 3.0.5+e2bdee784c
	- fabric-content-registries-v0 11.3.0+0082c9664c
	- fabric-convention-tags-v2 4.6.2+4f11f7994c
	- fabric-crash-report-info-v1 1.0.3+9f78a5a84c
	- fabric-creative-tab-api-v1 5.0.11+d871b99e4c
	- fabric-data-attachment-api-v1 2.2.9+44a0bd1d4c
	- fabric-data-generation-api-v1 24.3.3+cda368334c
	- fabric-debug-api-v1 1.0.1+c792624d4c
	- fabric-dimensions-v1 5.1.7+ad343a8d4c
	- fabric-entity-events-v1 5.0.2+e2bdee784c
	- fabric-events-interaction-v0 5.2.2+07b380be4c
	- fabric-game-rule-api-v1 4.0.5+d871b99e4c
	- fabric-gametest-api-v1 4.0.17+867b87624c
	- fabric-item-api-v1 14.3.0+6d1aaa724c
	- fabric-key-mapping-api-v1 2.0.4+e2bdee784c
	- fabric-lifecycle-events-v1 4.1.1+df84eb3d4c
	- fabric-loot-api-v3 3.0.12+00a1fba64c
	- fabric-menu-api-v1 2.0.14+d871b99e4c
	- fabric-message-api-v1 7.0.5+dae8ce3e4c
	- fabric-model-loading-api-v1 8.0.11+c80601bb4c
	- fabric-networking-api-v1 6.3.1+554860db4c
	- fabric-object-builder-api-v1 23.1.0+abb459f14c
	- fabric-particles-v1 5.0.15+b61fef434c
	- fabric-permission-api-v1 1.0.2+7437387b4c
	- fabric-recipe-api-v1 9.0.16+be4b75ae4c
	- fabric-registry-sync-v0 7.1.0+2fa62b4e4c
	- fabric-renderer-api-v1 13.0.8+c80601bb4c
	- fabric-renderer-indigo 8.1.5+1403e82c4c
	- fabric-rendering-fluids-v1 6.0.1+d871b99e4c
	- fabric-rendering-v1 23.3.1+e9207d814c
	- fabric-resource-conditions-api-v1 6.1.0+83dd0ba34c
	- fabric-resource-loader-v0 3.3.17+4fc5413f4c
	- fabric-resource-loader-v1 2.0.10+7c44c7324c
	- fabric-screen-api-v1 5.1.0+981dd9b24c
	- fabric-serialization-api-v1 2.0.3+11a26f314c
	- fabric-sound-api-v1 2.0.4+11a26f314c
	- fabric-tag-api-v1 2.1.1+371cf5db4c
	- fabric-transfer-api-v1 8.0.6+357ea7334c
	- fabric-transitive-access-wideners-v1 8.1.3+3ff549fb4c
	- fabricloader 0.19.5
	- java 25
	- minecraft 26.1.2
	- minlauncher 1.0.0
	- mixinextras 0.5.5
[m[34m[15:51:42][m [32m[main/INFO][m [36m(FabricLoader/Mixin)[m [0mSpongePowered MIXIN Subsystem Version=0.8.7 Source=file:/C:/Users/DqnyLuxxx/.gradle/caches/modules-2/files-2.1/net.fabricmc/sponge-mixin/0.17.4+mixin.0.8.7/5f66cc9f59b8efaa942155a3d5a30599bf6640dd/sponge-mixin-0.17.4+mixin.0.8.7.jar Service=Knot/Fabric Env=CLIENT
[m[34m[15:51:43][m [32m[main/INFO][m [36m(FabricLoader/MixinExtras|Service)[m [0mInitializing MixinExtras via com.llamalad7.mixinextras.service.MixinExtrasServiceImpl(version=0.5.5).
[m[34m[15:51:45][m [32m[Datafixer Bootstrap/INFO][m [36m(Minecraft)[m [0m291 Datafixer optimizations took 450 milliseconds
[m[34m[15:51:51][m [32m[Render thread/INFO][m [36m(Minecraft)[m [0mEnvironment: Environment[sessionHost=https://sessionserver.mojang.com, servicesHost=https://api.minecraftservices.com, profilesHost=https://api.mojang.com, name=PROD]
[m[34m[15:51:51][m [32m[Render thread/INFO][m [36m(Minecraft)[m [0mSetting user: Player234
[m[34m[15:51:52][m [32m[Render thread/INFO][m [36m(Indigo)[m [0m[Indigo] Registering Indigo renderer!
[m[34m[15:51:52][m [32m[Render thread/INFO][m [36m(MinLauncher)[m [0mMinLauncher v1.0.0 inicializado (Minecraft 26.1.2, Java 25).
[m[34m[15:51:52][m [32m[Render thread/INFO][m [36m(Minecraft)[m [0mBackend library: LWJGL version 3.4.1-snapshot
[m[34m[15:51:53][m [32m[Render thread/INFO][m [36m(Minecraft)[m [0mUsing optional rendering extensions: GL_ARB_buffer_storage, GL_KHR_debug, GL_ARB_vertex_attrib_binding, GL_ARB_direct_state_access, GL_EXT_texture_filter_anisotropic
[m[34m[15:51:54][m [32m[Render thread/INFO][m [36m(Minecraft)[m [0mReloading ResourceManager: vanilla, fabric-api, fabric-api-base, fabric-api-lookup-api-v1, fabric-biome-api-v1, fabric-block-api-v1, fabric-block-getter-api-v2, fabric-client-gametest-api-v1, fabric-command-api-v2, fabric-content-registries-v0, fabric-convention-tags-v2, fabric-crash-report-info-v1, fabric-creative-tab-api-v1, fabric-data-attachment-api-v1, fabric-data-generation-api-v1, fabric-debug-api-v1, fabric-dimensions-v1, fabric-entity-events-v1, fabric-events-interaction-v0, fabric-game-rule-api-v1, fabric-gametest-api-v1, fabric-item-api-v1, fabric-key-mapping-api-v1, fabric-lifecycle-events-v1, fabric-loot-api-v3, fabric-menu-api-v1, fabric-message-api-v1, fabric-model-loading-api-v1, fabric-networking-api-v1, fabric-object-builder-api-v1, fabric-particles-v1, fabric-permission-api-v1, fabric-recipe-api-v1, fabric-registry-sync-v0, fabric-renderer-api-v1, fabric-renderer-indigo, fabric-rendering-fluids-v1, fabric-rendering-v1, fabric-resource-conditions-api-v1, fabric-resource-loader-v0, fabric-resource-loader-v1, fabric-screen-api-v1, fabric-serialization-api-v1, fabric-sound-api-v1, fabric-tag-api-v1, fabric-transfer-api-v1, fabric-transitive-access-wideners-v1, fabricloader
[m[34m[15:51:54][m [32m[Download-2/INFO][m [36m(Minecraft)[m [0mCould not authorize you against Realms server: java.lang.RuntimeException: Failed to parse into SignedJWT: FabricMC
[m[34m[15:51:54][m [32m[Worker-Main-5/INFO][m [36m(Minecraft)[m [0mFound unifont_all_no_pua-17.0.01.hex, loading
[m[34m[15:51:54][m [32m[Worker-Main-3/INFO][m [36m(Minecraft)[m [0mFound unifont_pua-17.0.01.hex, loading
[m[34m[15:51:54][m [32m[Worker-Main-4/INFO][m [36m(Minecraft)[m [0mFound unifont_jp_patch-17.0.01.hex, loading
[m[34m[15:51:55][m [32m[Render thread/INFO][m [36m(Minecraft)[m [0mOpenAL initialized on device OpenAL Soft on Headset Earphone (G435 Wireless Gaming Headset)
[m[34m[15:51:55][m [32m[Render thread/INFO][m [36m(Minecraft)[m [0mSound engine started
[m[34m[15:51:55][m [32m[Render thread/INFO][m [36m(Minecraft)[m [0mCreated: 512x256x0 minecraft:textures/atlas/particles.png-atlas
[m[34m[15:51:55][m [32m[Render thread/INFO][m [36m(Minecraft)[m [0mCreated: 128x128x0 minecraft:textures/atlas/decorated_pot.png-atlas
[m[34m[15:51:55][m [32m[Render thread/INFO][m [36m(Minecraft)[m [0mCreated: 2048x1024x0 minecraft:textures/atlas/armor_trims.png-atlas
[m[34m[15:51:55][m [32m[Render thread/INFO][m [36m(Minecraft)[m [0mCreated: 512x256x0 minecraft:textures/atlas/paintings.png-atlas
[m[34m[15:51:55][m [32m[Render thread/INFO][m [36m(Minecraft)[m [0mCreated: 1024x512x0 minecraft:textures/atlas/shield_patterns.png-atlas
[m[34m[15:51:55][m [32m[Render thread/INFO][m [36m(Minecraft)[m [0mCreated: 2048x2048x4 minecraft:textures/atlas/blocks.png-atlas
[m[34m[15:51:55][m [32m[Render thread/INFO][m [36m(Minecraft)[m [0mCreated: 512x512x0 minecraft:textures/atlas/chest.png-atlas
[m[34m[15:51:55][m [32m[Render thread/INFO][m [36m(Minecraft)[m [0mCreated: 256x128x0 minecraft:textures/atlas/celestials.png-atlas
[m[34m[15:51:55][m [32m[Render thread/INFO][m [36m(Minecraft)[m [0mCreated: 1024x512x0 minecraft:textures/atlas/banner_patterns.png-atlas
[m[34m[15:51:55][m [32m[Render thread/INFO][m [36m(Minecraft)[m [0mCreated: 512x512x0 minecraft:textures/atlas/beds.png-atlas
[m[34m[15:51:55][m [32m[Render thread/INFO][m [36m(Minecraft)[m [0mCreated: 1024x512x0 minecraft:textures/atlas/items.png-atlas
[m[34m[15:51:55][m [32m[Render thread/INFO][m [36m(Minecraft)[m [0mCreated: 1024x1024x0 minecraft:textures/atlas/gui.png-atlas
[m[34m[15:51:55][m [32m[Render thread/INFO][m [36m(Minecraft)[m [0mCreated: 128x64x0 minecraft:textures/atlas/map_decorations.png-atlas
[m[34m[15:51:55][m [32m[Render thread/INFO][m [36m(Minecraft)[m [0mCreated: 512x256x0 minecraft:textures/atlas/signs.png-atlas
[m[34m[15:51:55][m [32m[Render thread/INFO][m [36m(Minecraft)[m [0mCreated: 512x512x0 minecraft:textures/atlas/shulker_boxes.png-atlas
[m[34m[15:51:56][m [32m[Render thread/INFO][m [36m(MinLauncher)[m [0mPantalla reemplazada: TitleScreen -> MinLauncherTitleScreen
[m[34m[15:51:57][m [32m[Render thread/INFO][m [36m(MinLauncher)[m [0mDEBUG screenshot -> minlauncher-title-debug.png
[m[34m[15:54:13][m [32m[Render thread/INFO][m [36m(Minecraft)[m [0mStopping!
[m
BUILD SUCCESSFUL in 2m 35s
6 actionable tasks: 1 executed, 5 up-to-date
Consider enabling configuration cache to speed up this build: https://docs.gradle.org/9.5.1/userguide/configuration_cache_enabling.html
